2026-08-11 18:01:14,874 | ERROR | e2d3c52b-0cb8-46e8-9faa-90179c99d8d6 |request_id.py | dispatch | api.middleware.request_id | POST /assistant/ask | 9792 | 20284
Traceback (most recent call last):
  File "C:\Users\tcs\Desktop\PSK\Project\AI-incident-intelligence-platform\api\middleware\request_id.py", line 22, in dispatch
    response = await call_next(request)
               ^^^^^^^^^^^^^^^^^^^^^^^^
  File "C:\Users\tcs\anaconda3\envs\myenv\Lib\site-packages\starlette\middleware\base.py", line 168, in call_next
    raise app_exc from app_exc.__cause__ or app_exc.__context__
  File "C:\Users\tcs\anaconda3\envs\myenv\Lib\site-packages\starlette\middleware\base.py", line 144, in coro
    await self.app(scope, receive_or_disconnect, send_no_error)
  File "C:\Users\tcs\anaconda3\envs\myenv\Lib\site-packages\starlette\middleware\exceptions.py", line 63, in __call__
    await wrap_app_handling_exceptions(self.app, conn)(scope, receive, send)
  File "C:\Users\tcs\anaconda3\envs\myenv\Lib\site-packages\starlette\_exception_handler.py", line 53, in wrapped_app
    raise exc
  File "C:\Users\tcs\anaconda3\envs\myenv\Lib\site-packages\starlette\_exception_handler.py", line 42, in wrapped_app
    await app(scope, receive, sender)
  File "C:\Users\tcs\anaconda3\envs\myenv\Lib\site-packages\fastapi\middleware\asyncexitstack.py", line 18, in __call__
    await self.app(scope, receive, send)
  File "C:\Users\tcs\anaconda3\envs\myenv\Lib\site-packages\starlette\routing.py", line 660, in __call__
    await self.middleware_stack(scope, receive, send)
  File "C:\Users\tcs\anaconda3\envs\myenv\Lib\site-packages\starlette\routing.py", line 680, in app
    await route.handle(scope, receive, send)
  File "C:\Users\tcs\anaconda3\envs\myenv\Lib\site-packages\starlette\routing.py", line 276, in handle
    await self.app(scope, receive, send)
  File "C:\Users\tcs\anaconda3\envs\myenv\Lib\site-packages\fastapi\routing.py", line 134, in app
    await wrap_app_handling_exceptions(app, request)(scope, receive, send)
  File "C:\Users\tcs\anaconda3\envs\myenv\Lib\site-packages\starlette\_exception_handler.py", line 53, in wrapped_app
    raise exc
  File "C:\Users\tcs\anaconda3\envs\myenv\Lib\site-packages\starlette\_exception_handler.py", line 42, in wrapped_app
    await app(scope, receive, sender)
  File "C:\Users\tcs\anaconda3\envs\myenv\Lib\site-packages\fastapi\routing.py", line 120, in app
    response = await f(request)
               ^^^^^^^^^^^^^^^^
  File "C:\Users\tcs\anaconda3\envs\myenv\Lib\site-packages\fastapi\routing.py", line 674, in app
    raw_response = await run_endpoint_function(
                   ^^^^^^^^^^^^^^^^^^^^^^^^^^^^
  File "C:\Users\tcs\anaconda3\envs\myenv\Lib\site-packages\fastapi\routing.py", line 330, in run_endpoint_function
    return await run_in_threadpool(dependant.call, **values)
           ^^^^^^^^^^^^^^^^^^^^^^^^^^^^^^^^^^^^^^^^^^^^^^^^^
  File "C:\Users\tcs\anaconda3\envs\myenv\Lib\site-packages\starlette\concurrency.py", line 32, in run_in_threadpool
    return await anyio.to_thread.run_sync(func)
           ^^^^^^^^^^^^^^^^^^^^^^^^^^^^^^^^^^^^
  File "C:\Users\tcs\anaconda3\envs\myenv\Lib\site-packages\anyio\to_thread.py", line 63, in run_sync
    return await get_async_backend().run_sync_in_worker_thread(
           ^^^^^^^^^^^^^^^^^^^^^^^^^^^^^^^^^^^^^^^^^^^^^^^^^^^^
  File "C:\Users\tcs\anaconda3\envs\myenv\Lib\site-packages\anyio\_backends\_asyncio.py", line 2502, in run_sync_in_worker_thread
    return await future
           ^^^^^^^^^^^^
  File "C:\Users\tcs\anaconda3\envs\myenv\Lib\site-packages\anyio\_backends\_asyncio.py", line 986, in run
    result = context.run(func, *args)
             ^^^^^^^^^^^^^^^^^^^^^^^^
  File "C:\Users\tcs\Desktop\PSK\Project\AI-incident-intelligence-platform\api\routes\assistant.py", line 42, in ask_assistant
    response = rag_service.ask(
               ^^^^^^^^^^^^^^^^
TypeError: RAGService.ask() got an unexpected keyword argument 'prediction_context'
2026-08-11 18:01:14,881 | ERROR | - |exception_handlers.py | global_exception_handler | api.exception_handlers | Unhandled exception while processing POST /assistant/ask | 9792 | 20284
Traceback (most recent call last):
  File "C:\Users\tcs\anaconda3\envs\myenv\Lib\site-packages\starlette\middleware\errors.py", line 164, in __call__
    await self.app(scope, receive, _send)
  File "C:\Users\tcs\anaconda3\envs\myenv\Lib\site-packages\starlette\middleware\base.py", line 191, in __call__
    with recv_stream, send_stream, collapse_excgroups():
                                   ^^^^^^^^^^^^^^^^^^^^
  File "C:\Users\tcs\anaconda3\envs\myenv\Lib\contextlib.py", line 158, in __exit__
    self.gen.throw(value)
  File "C:\Users\tcs\anaconda3\envs\myenv\Lib\site-packages\starlette\_utils.py", line 87, in collapse_excgroups
    raise exc
  File "C:\Users\tcs\anaconda3\envs\myenv\Lib\site-packages\starlette\middleware\base.py", line 193, in __call__
    response = await self.dispatch_func(request, call_next)
               ^^^^^^^^^^^^^^^^^^^^^^^^^^^^^^^^^^^^^^^^^^^^
  File "C:\Users\tcs\Desktop\PSK\Project\AI-incident-intelligence-platform\api\middleware\request_id.py", line 22, in dispatch
    response = await call_next(request)
               ^^^^^^^^^^^^^^^^^^^^^^^^
  File "C:\Users\tcs\anaconda3\envs\myenv\Lib\site-packages\starlette\middleware\base.py", line 168, in call_next
    raise app_exc from app_exc.__cause__ or app_exc.__context__
  File "C:\Users\tcs\anaconda3\envs\myenv\Lib\site-packages\starlette\middleware\base.py", line 144, in coro
    await self.app(scope, receive_or_disconnect, send_no_error)
  File "C:\Users\tcs\anaconda3\envs\myenv\Lib\site-packages\starlette\middleware\exceptions.py", line 63, in __call__
    await wrap_app_handling_exceptions(self.app, conn)(scope, receive, send)
  File "C:\Users\tcs\anaconda3\envs\myenv\Lib\site-packages\starlette\_exception_handler.py", line 53, in wrapped_app
    raise exc
  File "C:\Users\tcs\anaconda3\envs\myenv\Lib\site-packages\starlette\_exception_handler.py", line 42, in wrapped_app
    await app(scope, receive, sender)
  File "C:\Users\tcs\anaconda3\envs\myenv\Lib\site-packages\fastapi\middleware\asyncexitstack.py", line 18, in __call__
    await self.app(scope, receive, send)
  File "C:\Users\tcs\anaconda3\envs\myenv\Lib\site-packages\starlette\routing.py", line 660, in __call__
    await self.middleware_stack(scope, receive, send)
  File "C:\Users\tcs\anaconda3\envs\myenv\Lib\site-packages\starlette\routing.py", line 680, in app
    await route.handle(scope, receive, send)
  File "C:\Users\tcs\anaconda3\envs\myenv\Lib\site-packages\starlette\routing.py", line 276, in handle
    await self.app(scope, receive, send)
  File "C:\Users\tcs\anaconda3\envs\myenv\Lib\site-packages\fastapi\routing.py", line 134, in app
    await wrap_app_handling_exceptions(app, request)(scope, receive, send)
  File "C:\Users\tcs\anaconda3\envs\myenv\Lib\site-packages\starlette\_exception_handler.py", line 53, in wrapped_app
    raise exc
  File "C:\Users\tcs\anaconda3\envs\myenv\Lib\site-packages\starlette\_exception_handler.py", line 42, in wrapped_app
    await app(scope, receive, sender)
  File "C:\Users\tcs\anaconda3\envs\myenv\Lib\site-packages\fastapi\routing.py", line 120, in app
    response = await f(request)
               ^^^^^^^^^^^^^^^^
  File "C:\Users\tcs\anaconda3\envs\myenv\Lib\site-packages\fastapi\routing.py", line 674, in app
    raw_response = await run_endpoint_function(
                   ^^^^^^^^^^^^^^^^^^^^^^^^^^^^
  File "C:\Users\tcs\anaconda3\envs\myenv\Lib\site-packages\fastapi\routing.py", line 330, in run_endpoint_function
    return await run_in_threadpool(dependant.call, **values)
           ^^^^^^^^^^^^^^^^^^^^^^^^^^^^^^^^^^^^^^^^^^^^^^^^^
  File "C:\Users\tcs\anaconda3\envs\myenv\Lib\site-packages\starlette\concurrency.py", line 32, in run_in_threadpool
    return await anyio.to_thread.run_sync(func)
           ^^^^^^^^^^^^^^^^^^^^^^^^^^^^^^^^^^^^
  File "C:\Users\tcs\anaconda3\envs\myenv\Lib\site-packages\anyio\to_thread.py", line 63, in run_sync
    return await get_async_backend().run_sync_in_worker_thread(
           ^^^^^^^^^^^^^^^^^^^^^^^^^^^^^^^^^^^^^^^^^^^^^^^^^^^^
  File "C:\Users\tcs\anaconda3\envs\myenv\Lib\site-packages\anyio\_backends\_asyncio.py", line 2502, in run_sync_in_worker_thread
    return await future
           ^^^^^^^^^^^^
  File "C:\Users\tcs\anaconda3\envs\myenv\Lib\site-packages\anyio\_backends\_asyncio.py", line 986, in run
    result = context.run(func, *args)
             ^^^^^^^^^^^^^^^^^^^^^^^^
  File "C:\Users\tcs\Desktop\PSK\Project\AI-incident-intelligence-platform\api\routes\assistant.py", line 42, in ask_assistant
    response = rag_service.ask(
               ^^^^^^^^^^^^^^^^
TypeError: RAGService.ask() got an unexpected keyword argument 'prediction_context'
2026-08-11 18:19:41,508 | ERROR | 4a9addd6-9056-45ba-87b0-a5fea50ed728 |request_id.py | dispatch | api.middleware.request_id | POST /intelligence/analyze | 4736 | 19884
Traceback (most recent call last):
  File "C:\Users\tcs\Desktop\PSK\Project\AI-incident-intelligence-platform\api\middleware\request_id.py", line 22, in dispatch
    response = await call_next(request)
               ^^^^^^^^^^^^^^^^^^^^^^^^
  File "C:\Users\tcs\anaconda3\envs\myenv\Lib\site-packages\starlette\middleware\base.py", line 168, in call_next
    raise app_exc from app_exc.__cause__ or app_exc.__context__
  File "C:\Users\tcs\anaconda3\envs\myenv\Lib\site-packages\starlette\middleware\base.py", line 144, in coro
    await self.app(scope, receive_or_disconnect, send_no_error)
  File "C:\Users\tcs\anaconda3\envs\myenv\Lib\site-packages\starlette\middleware\exceptions.py", line 63, in __call__
    await wrap_app_handling_exceptions(self.app, conn)(scope, receive, send)
  File "C:\Users\tcs\anaconda3\envs\myenv\Lib\site-packages\starlette\_exception_handler.py", line 53, in wrapped_app
    raise exc
  File "C:\Users\tcs\anaconda3\envs\myenv\Lib\site-packages\starlette\_exception_handler.py", line 42, in wrapped_app
    await app(scope, receive, sender)
  File "C:\Users\tcs\anaconda3\envs\myenv\Lib\site-packages\fastapi\middleware\asyncexitstack.py", line 18, in __call__
    await self.app(scope, receive, send)
  File "C:\Users\tcs\anaconda3\envs\myenv\Lib\site-packages\starlette\routing.py", line 660, in __call__
    await self.middleware_stack(scope, receive, send)
  File "C:\Users\tcs\anaconda3\envs\myenv\Lib\site-packages\starlette\routing.py", line 680, in app
    await route.handle(scope, receive, send)
  File "C:\Users\tcs\anaconda3\envs\myenv\Lib\site-packages\starlette\routing.py", line 276, in handle
    await self.app(scope, receive, send)
  File "C:\Users\tcs\anaconda3\envs\myenv\Lib\site-packages\fastapi\routing.py", line 134, in app
    await wrap_app_handling_exceptions(app, request)(scope, receive, send)
  File "C:\Users\tcs\anaconda3\envs\myenv\Lib\site-packages\starlette\_exception_handler.py", line 53, in wrapped_app
    raise exc
  File "C:\Users\tcs\anaconda3\envs\myenv\Lib\site-packages\starlette\_exception_handler.py", line 42, in wrapped_app
    await app(scope, receive, sender)
  File "C:\Users\tcs\anaconda3\envs\myenv\Lib\site-packages\fastapi\routing.py", line 120, in app
    response = await f(request)
               ^^^^^^^^^^^^^^^^
  File "C:\Users\tcs\anaconda3\envs\myenv\Lib\site-packages\fastapi\routing.py", line 674, in app
    raw_response = await run_endpoint_function(
                   ^^^^^^^^^^^^^^^^^^^^^^^^^^^^
  File "C:\Users\tcs\anaconda3\envs\myenv\Lib\site-packages\fastapi\routing.py", line 330, in run_endpoint_function
    return await run_in_threadpool(dependant.call, **values)
           ^^^^^^^^^^^^^^^^^^^^^^^^^^^^^^^^^^^^^^^^^^^^^^^^^
  File "C:\Users\tcs\anaconda3\envs\myenv\Lib\site-packages\starlette\concurrency.py", line 32, in run_in_threadpool
    return await anyio.to_thread.run_sync(func)
           ^^^^^^^^^^^^^^^^^^^^^^^^^^^^^^^^^^^^
  File "C:\Users\tcs\anaconda3\envs\myenv\Lib\site-packages\anyio\to_thread.py", line 63, in run_sync
    return await get_async_backend().run_sync_in_worker_thread(
           ^^^^^^^^^^^^^^^^^^^^^^^^^^^^^^^^^^^^^^^^^^^^^^^^^^^^
  File "C:\Users\tcs\anaconda3\envs\myenv\Lib\site-packages\anyio\_backends\_asyncio.py", line 2502, in run_sync_in_worker_thread
    return await future
           ^^^^^^^^^^^^
  File "C:\Users\tcs\anaconda3\envs\myenv\Lib\site-packages\anyio\_backends\_asyncio.py", line 986, in run
    result = context.run(func, *args)
             ^^^^^^^^^^^^^^^^^^^^^^^^
  File "C:\Users\tcs\Desktop\PSK\Project\AI-incident-intelligence-platform\api\routes\intelligence.py", line 49, in analyze_incident
    return service.analyze(
           ^^^^^^^^^^^^^^^^
  File "C:\Users\tcs\Desktop\PSK\Project\AI-incident-intelligence-platform\src\services\incident_intelligence_service.py", line 100, in analyze
    rag_response = self.rag_service.ask(
                   ^^^^^^^^^^^^^^^^^^^^^
  File "C:\Users\tcs\anaconda3\envs\myenv\Lib\unittest\mock.py", line 1139, in __call__
    return self._mock_call(*args, **kwargs)
           ^^^^^^^^^^^^^^^^^^^^^^^^^^^^^^^^
  File "C:\Users\tcs\anaconda3\envs\myenv\Lib\unittest\mock.py", line 1143, in _mock_call
    return self._execute_mock_call(*args, **kwargs)
           ^^^^^^^^^^^^^^^^^^^^^^^^^^^^^^^^^^^^^^^^
  File "C:\Users\tcs\anaconda3\envs\myenv\Lib\unittest\mock.py", line 1198, in _execute_mock_call
    raise effect
RuntimeError: RAG service unavailable
2026-08-11 18:19:41,516 | ERROR | - |exception_handlers.py | global_exception_handler | api.exception_handlers | Unhandled exception while processing POST /intelligence/analyze | 4736 | 19884
Traceback (most recent call last):
  File "C:\Users\tcs\anaconda3\envs\myenv\Lib\site-packages\starlette\middleware\errors.py", line 164, in __call__
    await self.app(scope, receive, _send)
  File "C:\Users\tcs\anaconda3\envs\myenv\Lib\site-packages\starlette\middleware\base.py", line 191, in __call__
    with recv_stream, send_stream, collapse_excgroups():
                                   ^^^^^^^^^^^^^^^^^^^^
  File "C:\Users\tcs\anaconda3\envs\myenv\Lib\contextlib.py", line 158, in __exit__
    self.gen.throw(value)
  File "C:\Users\tcs\anaconda3\envs\myenv\Lib\site-packages\starlette\_utils.py", line 87, in collapse_excgroups
    raise exc
  File "C:\Users\tcs\anaconda3\envs\myenv\Lib\site-packages\starlette\middleware\base.py", line 193, in __call__
    response = await self.dispatch_func(request, call_next)
               ^^^^^^^^^^^^^^^^^^^^^^^^^^^^^^^^^^^^^^^^^^^^
  File "C:\Users\tcs\Desktop\PSK\Project\AI-incident-intelligence-platform\api\middleware\request_id.py", line 22, in dispatch
    response = await call_next(request)
               ^^^^^^^^^^^^^^^^^^^^^^^^
  File "C:\Users\tcs\anaconda3\envs\myenv\Lib\site-packages\starlette\middleware\base.py", line 168, in call_next
    raise app_exc from app_exc.__cause__ or app_exc.__context__
  File "C:\Users\tcs\anaconda3\envs\myenv\Lib\site-packages\starlette\middleware\base.py", line 144, in coro
    await self.app(scope, receive_or_disconnect, send_no_error)
  File "C:\Users\tcs\anaconda3\envs\myenv\Lib\site-packages\starlette\middleware\exceptions.py", line 63, in __call__
    await wrap_app_handling_exceptions(self.app, conn)(scope, receive, send)
  File "C:\Users\tcs\anaconda3\envs\myenv\Lib\site-packages\starlette\_exception_handler.py", line 53, in wrapped_app
    raise exc
  File "C:\Users\tcs\anaconda3\envs\myenv\Lib\site-packages\starlette\_exception_handler.py", line 42, in wrapped_app
    await app(scope, receive, sender)
  File "C:\Users\tcs\anaconda3\envs\myenv\Lib\site-packages\fastapi\middleware\asyncexitstack.py", line 18, in __call__
    await self.app(scope, receive, send)
  File "C:\Users\tcs\anaconda3\envs\myenv\Lib\site-packages\starlette\routing.py", line 660, in __call__
    await self.middleware_stack(scope, receive, send)
  File "C:\Users\tcs\anaconda3\envs\myenv\Lib\site-packages\starlette\routing.py", line 680, in app
    await route.handle(scope, receive, send)
  File "C:\Users\tcs\anaconda3\envs\myenv\Lib\site-packages\starlette\routing.py", line 276, in handle
    await self.app(scope, receive, send)
  File "C:\Users\tcs\anaconda3\envs\myenv\Lib\site-packages\fastapi\routing.py", line 134, in app
    await wrap_app_handling_exceptions(app, request)(scope, receive, send)
  File "C:\Users\tcs\anaconda3\envs\myenv\Lib\site-packages\starlette\_exception_handler.py", line 53, in wrapped_app
    raise exc
  File "C:\Users\tcs\anaconda3\envs\myenv\Lib\site-packages\starlette\_exception_handler.py", line 42, in wrapped_app
    await app(scope, receive, sender)
  File "C:\Users\tcs\anaconda3\envs\myenv\Lib\site-packages\fastapi\routing.py", line 120, in app
    response = await f(request)
               ^^^^^^^^^^^^^^^^
  File "C:\Users\tcs\anaconda3\envs\myenv\Lib\site-packages\fastapi\routing.py", line 674, in app
    raw_response = await run_endpoint_function(
                   ^^^^^^^^^^^^^^^^^^^^^^^^^^^^
  File "C:\Users\tcs\anaconda3\envs\myenv\Lib\site-packages\fastapi\routing.py", line 330, in run_endpoint_function
    return await run_in_threadpool(dependant.call, **values)
           ^^^^^^^^^^^^^^^^^^^^^^^^^^^^^^^^^^^^^^^^^^^^^^^^^
  File "C:\Users\tcs\anaconda3\envs\myenv\Lib\site-packages\starlette\concurrency.py", line 32, in run_in_threadpool
    return await anyio.to_thread.run_sync(func)
           ^^^^^^^^^^^^^^^^^^^^^^^^^^^^^^^^^^^^
  File "C:\Users\tcs\anaconda3\envs\myenv\Lib\site-packages\anyio\to_thread.py", line 63, in run_sync
    return await get_async_backend().run_sync_in_worker_thread(
           ^^^^^^^^^^^^^^^^^^^^^^^^^^^^^^^^^^^^^^^^^^^^^^^^^^^^
  File "C:\Users\tcs\anaconda3\envs\myenv\Lib\site-packages\anyio\_backends\_asyncio.py", line 2502, in run_sync_in_worker_thread
    return await future
           ^^^^^^^^^^^^
  File "C:\Users\tcs\anaconda3\envs\myenv\Lib\site-packages\anyio\_backends\_asyncio.py", line 986, in run
    result = context.run(func, *args)
             ^^^^^^^^^^^^^^^^^^^^^^^^
  File "C:\Users\tcs\Desktop\PSK\Project\AI-incident-intelligence-platform\api\routes\intelligence.py", line 49, in analyze_incident
    return service.analyze(
           ^^^^^^^^^^^^^^^^
  File "C:\Users\tcs\Desktop\PSK\Project\AI-incident-intelligence-platform\src\services\incident_intelligence_service.py", line 100, in analyze
    rag_response = self.rag_service.ask(
                   ^^^^^^^^^^^^^^^^^^^^^
  File "C:\Users\tcs\anaconda3\envs\myenv\Lib\unittest\mock.py", line 1139, in __call__
    return self._mock_call(*args, **kwargs)
           ^^^^^^^^^^^^^^^^^^^^^^^^^^^^^^^^
  File "C:\Users\tcs\anaconda3\envs\myenv\Lib\unittest\mock.py", line 1143, in _mock_call
    return self._execute_mock_call(*args, **kwargs)
           ^^^^^^^^^^^^^^^^^^^^^^^^^^^^^^^^^^^^^^^^
  File "C:\Users\tcs\anaconda3\envs\myenv\Lib\unittest\mock.py", line 1198, in _execute_mock_call
    raise effect
RuntimeError: RAG service unavailable
2026-08-11 18:21:53,030 | ERROR | 7070a4a5-c80e-41e4-86d3-90a7b5a1224b |request_id.py | dispatch | api.middleware.request_id | POST /intelligence/analyze | 6980 | 4584
Traceback (most recent call last):
  File "C:\Users\tcs\Desktop\PSK\Project\AI-incident-intelligence-platform\api\middleware\request_id.py", line 22, in dispatch
    response = await call_next(request)
               ^^^^^^^^^^^^^^^^^^^^^^^^
  File "C:\Users\tcs\anaconda3\envs\myenv\Lib\site-packages\starlette\middleware\base.py", line 168, in call_next
    raise app_exc from app_exc.__cause__ or app_exc.__context__
  File "C:\Users\tcs\anaconda3\envs\myenv\Lib\site-packages\starlette\middleware\base.py", line 144, in coro
    await self.app(scope, receive_or_disconnect, send_no_error)
  File "C:\Users\tcs\anaconda3\envs\myenv\Lib\site-packages\starlette\middleware\exceptions.py", line 63, in __call__
    await wrap_app_handling_exceptions(self.app, conn)(scope, receive, send)
  File "C:\Users\tcs\anaconda3\envs\myenv\Lib\site-packages\starlette\_exception_handler.py", line 53, in wrapped_app
    raise exc
  File "C:\Users\tcs\anaconda3\envs\myenv\Lib\site-packages\starlette\_exception_handler.py", line 42, in wrapped_app
    await app(scope, receive, sender)
  File "C:\Users\tcs\anaconda3\envs\myenv\Lib\site-packages\fastapi\middleware\asyncexitstack.py", line 18, in __call__
    await self.app(scope, receive, send)
  File "C:\Users\tcs\anaconda3\envs\myenv\Lib\site-packages\starlette\routing.py", line 660, in __call__
    await self.middleware_stack(scope, receive, send)
  File "C:\Users\tcs\anaconda3\envs\myenv\Lib\site-packages\starlette\routing.py", line 680, in app
    await route.handle(scope, receive, send)
  File "C:\Users\tcs\anaconda3\envs\myenv\Lib\site-packages\starlette\routing.py", line 276, in handle
    await self.app(scope, receive, send)
  File "C:\Users\tcs\anaconda3\envs\myenv\Lib\site-packages\fastapi\routing.py", line 134, in app
    await wrap_app_handling_exceptions(app, request)(scope, receive, send)
  File "C:\Users\tcs\anaconda3\envs\myenv\Lib\site-packages\starlette\_exception_handler.py", line 53, in wrapped_app
    raise exc
  File "C:\Users\tcs\anaconda3\envs\myenv\Lib\site-packages\starlette\_exception_handler.py", line 42, in wrapped_app
    await app(scope, receive, sender)
  File "C:\Users\tcs\anaconda3\envs\myenv\Lib\site-packages\fastapi\routing.py", line 120, in app
    response = await f(request)
               ^^^^^^^^^^^^^^^^
  File "C:\Users\tcs\anaconda3\envs\myenv\Lib\site-packages\fastapi\routing.py", line 674, in app
    raw_response = await run_endpoint_function(
                   ^^^^^^^^^^^^^^^^^^^^^^^^^^^^
  File "C:\Users\tcs\anaconda3\envs\myenv\Lib\site-packages\fastapi\routing.py", line 330, in run_endpoint_function
    return await run_in_threadpool(dependant.call, **values)
           ^^^^^^^^^^^^^^^^^^^^^^^^^^^^^^^^^^^^^^^^^^^^^^^^^
  File "C:\Users\tcs\anaconda3\envs\myenv\Lib\site-packages\starlette\concurrency.py", line 32, in run_in_threadpool
    return await anyio.to_thread.run_sync(func)
           ^^^^^^^^^^^^^^^^^^^^^^^^^^^^^^^^^^^^
  File "C:\Users\tcs\anaconda3\envs\myenv\Lib\site-packages\anyio\to_thread.py", line 63, in run_sync
    return await get_async_backend().run_sync_in_worker_thread(
           ^^^^^^^^^^^^^^^^^^^^^^^^^^^^^^^^^^^^^^^^^^^^^^^^^^^^
  File "C:\Users\tcs\anaconda3\envs\myenv\Lib\site-packages\anyio\_backends\_asyncio.py", line 2502, in run_sync_in_worker_thread
    return await future
           ^^^^^^^^^^^^
  File "C:\Users\tcs\anaconda3\envs\myenv\Lib\site-packages\anyio\_backends\_asyncio.py", line 986, in run
    result = context.run(func, *args)
             ^^^^^^^^^^^^^^^^^^^^^^^^
  File "C:\Users\tcs\Desktop\PSK\Project\AI-incident-intelligence-platform\api\routes\intelligence.py", line 49, in analyze_incident
    return service.analyze(
           ^^^^^^^^^^^^^^^^
  File "C:\Users\tcs\Desktop\PSK\Project\AI-incident-intelligence-platform\src\services\incident_intelligence_service.py", line 100, in analyze
    rag_response = self.rag_service.ask(
                   ^^^^^^^^^^^^^^^^^^^^^
  File "C:\Users\tcs\anaconda3\envs\myenv\Lib\unittest\mock.py", line 1139, in __call__
    return self._mock_call(*args, **kwargs)
           ^^^^^^^^^^^^^^^^^^^^^^^^^^^^^^^^
  File "C:\Users\tcs\anaconda3\envs\myenv\Lib\unittest\mock.py", line 1143, in _mock_call
    return self._execute_mock_call(*args, **kwargs)
           ^^^^^^^^^^^^^^^^^^^^^^^^^^^^^^^^^^^^^^^^
  File "C:\Users\tcs\anaconda3\envs\myenv\Lib\unittest\mock.py", line 1198, in _execute_mock_call
    raise effect
RuntimeError: RAG service unavailable
2026-08-11 18:21:53,037 | ERROR | - |exception_handlers.py | global_exception_handler | api.exception_handlers | Unhandled exception while processing POST /intelligence/analyze | 6980 | 4584
Traceback (most recent call last):
  File "C:\Users\tcs\anaconda3\envs\myenv\Lib\site-packages\starlette\middleware\errors.py", line 164, in __call__
    await self.app(scope, receive, _send)
  File "C:\Users\tcs\anaconda3\envs\myenv\Lib\site-packages\starlette\middleware\base.py", line 191, in __call__
    with recv_stream, send_stream, collapse_excgroups():
                                   ^^^^^^^^^^^^^^^^^^^^
  File "C:\Users\tcs\anaconda3\envs\myenv\Lib\contextlib.py", line 158, in __exit__
    self.gen.throw(value)
  File "C:\Users\tcs\anaconda3\envs\myenv\Lib\site-packages\starlette\_utils.py", line 87, in collapse_excgroups
    raise exc
  File "C:\Users\tcs\anaconda3\envs\myenv\Lib\site-packages\starlette\middleware\base.py", line 193, in __call__
    response = await self.dispatch_func(request, call_next)
               ^^^^^^^^^^^^^^^^^^^^^^^^^^^^^^^^^^^^^^^^^^^^
  File "C:\Users\tcs\Desktop\PSK\Project\AI-incident-intelligence-platform\api\middleware\request_id.py", line 22, in dispatch
    response = await call_next(request)
               ^^^^^^^^^^^^^^^^^^^^^^^^
  File "C:\Users\tcs\anaconda3\envs\myenv\Lib\site-packages\starlette\middleware\base.py", line 168, in call_next
    raise app_exc from app_exc.__cause__ or app_exc.__context__
  File "C:\Users\tcs\anaconda3\envs\myenv\Lib\site-packages\starlette\middleware\base.py", line 144, in coro
    await self.app(scope, receive_or_disconnect, send_no_error)
  File "C:\Users\tcs\anaconda3\envs\myenv\Lib\site-packages\starlette\middleware\exceptions.py", line 63, in __call__
    await wrap_app_handling_exceptions(self.app, conn)(scope, receive, send)
  File "C:\Users\tcs\anaconda3\envs\myenv\Lib\site-packages\starlette\_exception_handler.py", line 53, in wrapped_app
    raise exc
  File "C:\Users\tcs\anaconda3\envs\myenv\Lib\site-packages\starlette\_exception_handler.py", line 42, in wrapped_app
    await app(scope, receive, sender)
  File "C:\Users\tcs\anaconda3\envs\myenv\Lib\site-packages\fastapi\middleware\asyncexitstack.py", line 18, in __call__
    await self.app(scope, receive, send)
  File "C:\Users\tcs\anaconda3\envs\myenv\Lib\site-packages\starlette\routing.py", line 660, in __call__
    await self.middleware_stack(scope, receive, send)
  File "C:\Users\tcs\anaconda3\envs\myenv\Lib\site-packages\starlette\routing.py", line 680, in app
    await route.handle(scope, receive, send)
  File "C:\Users\tcs\anaconda3\envs\myenv\Lib\site-packages\starlette\routing.py", line 276, in handle
    await self.app(scope, receive, send)
  File "C:\Users\tcs\anaconda3\envs\myenv\Lib\site-packages\fastapi\routing.py", line 134, in app
    await wrap_app_handling_exceptions(app, request)(scope, receive, send)
  File "C:\Users\tcs\anaconda3\envs\myenv\Lib\site-packages\starlette\_exception_handler.py", line 53, in wrapped_app
    raise exc
  File "C:\Users\tcs\anaconda3\envs\myenv\Lib\site-packages\starlette\_exception_handler.py", line 42, in wrapped_app
    await app(scope, receive, sender)
  File "C:\Users\tcs\anaconda3\envs\myenv\Lib\site-packages\fastapi\routing.py", line 120, in app
    response = await f(request)
               ^^^^^^^^^^^^^^^^
  File "C:\Users\tcs\anaconda3\envs\myenv\Lib\site-packages\fastapi\routing.py", line 674, in app
    raw_response = await run_endpoint_function(
                   ^^^^^^^^^^^^^^^^^^^^^^^^^^^^
  File "C:\Users\tcs\anaconda3\envs\myenv\Lib\site-packages\fastapi\routing.py", line 330, in run_endpoint_function
    return await run_in_threadpool(dependant.call, **values)
           ^^^^^^^^^^^^^^^^^^^^^^^^^^^^^^^^^^^^^^^^^^^^^^^^^
  File "C:\Users\tcs\anaconda3\envs\myenv\Lib\site-packages\starlette\concurrency.py", line 32, in run_in_threadpool
    return await anyio.to_thread.run_sync(func)
           ^^^^^^^^^^^^^^^^^^^^^^^^^^^^^^^^^^^^
  File "C:\Users\tcs\anaconda3\envs\myenv\Lib\site-packages\anyio\to_thread.py", line 63, in run_sync
    return await get_async_backend().run_sync_in_worker_thread(
           ^^^^^^^^^^^^^^^^^^^^^^^^^^^^^^^^^^^^^^^^^^^^^^^^^^^^
  File "C:\Users\tcs\anaconda3\envs\myenv\Lib\site-packages\anyio\_backends\_asyncio.py", line 2502, in run_sync_in_worker_thread
    return await future
           ^^^^^^^^^^^^
  File "C:\Users\tcs\anaconda3\envs\myenv\Lib\site-packages\anyio\_backends\_asyncio.py", line 986, in run
    result = context.run(func, *args)
             ^^^^^^^^^^^^^^^^^^^^^^^^
  File "C:\Users\tcs\Desktop\PSK\Project\AI-incident-intelligence-platform\api\routes\intelligence.py", line 49, in analyze_incident
    return service.analyze(
           ^^^^^^^^^^^^^^^^
  File "C:\Users\tcs\Desktop\PSK\Project\AI-incident-intelligence-platform\src\services\incident_intelligence_service.py", line 100, in analyze
    rag_response = self.rag_service.ask(
                   ^^^^^^^^^^^^^^^^^^^^^
  File "C:\Users\tcs\anaconda3\envs\myenv\Lib\unittest\mock.py", line 1139, in __call__
    return self._mock_call(*args, **kwargs)
           ^^^^^^^^^^^^^^^^^^^^^^^^^^^^^^^^
  File "C:\Users\tcs\anaconda3\envs\myenv\Lib\unittest\mock.py", line 1143, in _mock_call
    return self._execute_mock_call(*args, **kwargs)
           ^^^^^^^^^^^^^^^^^^^^^^^^^^^^^^^^^^^^^^^^
  File "C:\Users\tcs\anaconda3\envs\myenv\Lib\unittest\mock.py", line 1198, in _execute_mock_call
    raise effect
RuntimeError: RAG service unavailable
2026-08-11 18:22:29,002 | ERROR | 74cd8f15-342a-489a-af30-92072f77098b |request_id.py | dispatch | api.middleware.request_id | POST /intelligence/analyze | 12680 | 9588
Traceback (most recent call last):
  File "C:\Users\tcs\Desktop\PSK\Project\AI-incident-intelligence-platform\api\middleware\request_id.py", line 22, in dispatch
    response = await call_next(request)
               ^^^^^^^^^^^^^^^^^^^^^^^^
  File "C:\Users\tcs\anaconda3\envs\myenv\Lib\site-packages\starlette\middleware\base.py", line 168, in call_next
    raise app_exc from app_exc.__cause__ or app_exc.__context__
  File "C:\Users\tcs\anaconda3\envs\myenv\Lib\site-packages\starlette\middleware\base.py", line 144, in coro
    await self.app(scope, receive_or_disconnect, send_no_error)
  File "C:\Users\tcs\anaconda3\envs\myenv\Lib\site-packages\starlette\middleware\exceptions.py", line 63, in __call__
    await wrap_app_handling_exceptions(self.app, conn)(scope, receive, send)
  File "C:\Users\tcs\anaconda3\envs\myenv\Lib\site-packages\starlette\_exception_handler.py", line 53, in wrapped_app
    raise exc
  File "C:\Users\tcs\anaconda3\envs\myenv\Lib\site-packages\starlette\_exception_handler.py", line 42, in wrapped_app
    await app(scope, receive, sender)
  File "C:\Users\tcs\anaconda3\envs\myenv\Lib\site-packages\fastapi\middleware\asyncexitstack.py", line 18, in __call__
    await self.app(scope, receive, send)
  File "C:\Users\tcs\anaconda3\envs\myenv\Lib\site-packages\starlette\routing.py", line 660, in __call__
    await self.middleware_stack(scope, receive, send)
  File "C:\Users\tcs\anaconda3\envs\myenv\Lib\site-packages\starlette\routing.py", line 680, in app
    await route.handle(scope, receive, send)
  File "C:\Users\tcs\anaconda3\envs\myenv\Lib\site-packages\starlette\routing.py", line 276, in handle
    await self.app(scope, receive, send)
  File "C:\Users\tcs\anaconda3\envs\myenv\Lib\site-packages\fastapi\routing.py", line 134, in app
    await wrap_app_handling_exceptions(app, request)(scope, receive, send)
  File "C:\Users\tcs\anaconda3\envs\myenv\Lib\site-packages\starlette\_exception_handler.py", line 53, in wrapped_app
    raise exc
  File "C:\Users\tcs\anaconda3\envs\myenv\Lib\site-packages\starlette\_exception_handler.py", line 42, in wrapped_app
    await app(scope, receive, sender)
  File "C:\Users\tcs\anaconda3\envs\myenv\Lib\site-packages\fastapi\routing.py", line 120, in app
    response = await f(request)
               ^^^^^^^^^^^^^^^^
  File "C:\Users\tcs\anaconda3\envs\myenv\Lib\site-packages\fastapi\routing.py", line 674, in app
    raw_response = await run_endpoint_function(
                   ^^^^^^^^^^^^^^^^^^^^^^^^^^^^
  File "C:\Users\tcs\anaconda3\envs\myenv\Lib\site-packages\fastapi\routing.py", line 330, in run_endpoint_function
    return await run_in_threadpool(dependant.call, **values)
           ^^^^^^^^^^^^^^^^^^^^^^^^^^^^^^^^^^^^^^^^^^^^^^^^^
  File "C:\Users\tcs\anaconda3\envs\myenv\Lib\site-packages\starlette\concurrency.py", line 32, in run_in_threadpool
    return await anyio.to_thread.run_sync(func)
           ^^^^^^^^^^^^^^^^^^^^^^^^^^^^^^^^^^^^
  File "C:\Users\tcs\anaconda3\envs\myenv\Lib\site-packages\anyio\to_thread.py", line 63, in run_sync
    return await get_async_backend().run_sync_in_worker_thread(
           ^^^^^^^^^^^^^^^^^^^^^^^^^^^^^^^^^^^^^^^^^^^^^^^^^^^^
  File "C:\Users\tcs\anaconda3\envs\myenv\Lib\site-packages\anyio\_backends\_asyncio.py", line 2502, in run_sync_in_worker_thread
    return await future
           ^^^^^^^^^^^^
  File "C:\Users\tcs\anaconda3\envs\myenv\Lib\site-packages\anyio\_backends\_asyncio.py", line 986, in run
    result = context.run(func, *args)
             ^^^^^^^^^^^^^^^^^^^^^^^^
  File "C:\Users\tcs\Desktop\PSK\Project\AI-incident-intelligence-platform\api\routes\intelligence.py", line 49, in analyze_incident
    return service.analyze(
           ^^^^^^^^^^^^^^^^
  File "C:\Users\tcs\Desktop\PSK\Project\AI-incident-intelligence-platform\src\services\incident_intelligence_service.py", line 100, in analyze
    rag_response = self.rag_service.ask(
                   ^^^^^^^^^^^^^^^^^^^^^
  File "C:\Users\tcs\anaconda3\envs\myenv\Lib\unittest\mock.py", line 1139, in __call__
    return self._mock_call(*args, **kwargs)
           ^^^^^^^^^^^^^^^^^^^^^^^^^^^^^^^^
  File "C:\Users\tcs\anaconda3\envs\myenv\Lib\unittest\mock.py", line 1143, in _mock_call
    return self._execute_mock_call(*args, **kwargs)
           ^^^^^^^^^^^^^^^^^^^^^^^^^^^^^^^^^^^^^^^^
  File "C:\Users\tcs\anaconda3\envs\myenv\Lib\unittest\mock.py", line 1198, in _execute_mock_call
    raise effect
RuntimeError: RAG service unavailable
2026-08-11 18:22:29,007 | ERROR | - |exception_handlers.py | global_exception_handler | api.exception_handlers | Unhandled exception while processing POST /intelligence/analyze | 12680 | 9588
Traceback (most recent call last):
  File "C:\Users\tcs\anaconda3\envs\myenv\Lib\site-packages\starlette\middleware\errors.py", line 164, in __call__
    await self.app(scope, receive, _send)
  File "C:\Users\tcs\anaconda3\envs\myenv\Lib\site-packages\starlette\middleware\base.py", line 191, in __call__
    with recv_stream, send_stream, collapse_excgroups():
                                   ^^^^^^^^^^^^^^^^^^^^
  File "C:\Users\tcs\anaconda3\envs\myenv\Lib\contextlib.py", line 158, in __exit__
    self.gen.throw(value)
  File "C:\Users\tcs\anaconda3\envs\myenv\Lib\site-packages\starlette\_utils.py", line 87, in collapse_excgroups
    raise exc
  File "C:\Users\tcs\anaconda3\envs\myenv\Lib\site-packages\starlette\middleware\base.py", line 193, in __call__
    response = await self.dispatch_func(request, call_next)
               ^^^^^^^^^^^^^^^^^^^^^^^^^^^^^^^^^^^^^^^^^^^^
  File "C:\Users\tcs\Desktop\PSK\Project\AI-incident-intelligence-platform\api\middleware\request_id.py", line 22, in dispatch
    response = await call_next(request)
               ^^^^^^^^^^^^^^^^^^^^^^^^
  File "C:\Users\tcs\anaconda3\envs\myenv\Lib\site-packages\starlette\middleware\base.py", line 168, in call_next
    raise app_exc from app_exc.__cause__ or app_exc.__context__
  File "C:\Users\tcs\anaconda3\envs\myenv\Lib\site-packages\starlette\middleware\base.py", line 144, in coro
    await self.app(scope, receive_or_disconnect, send_no_error)
  File "C:\Users\tcs\anaconda3\envs\myenv\Lib\site-packages\starlette\middleware\exceptions.py", line 63, in __call__
    await wrap_app_handling_exceptions(self.app, conn)(scope, receive, send)
  File "C:\Users\tcs\anaconda3\envs\myenv\Lib\site-packages\starlette\_exception_handler.py", line 53, in wrapped_app
    raise exc
  File "C:\Users\tcs\anaconda3\envs\myenv\Lib\site-packages\starlette\_exception_handler.py", line 42, in wrapped_app
    await app(scope, receive, sender)
  File "C:\Users\tcs\anaconda3\envs\myenv\Lib\site-packages\fastapi\middleware\asyncexitstack.py", line 18, in __call__
    await self.app(scope, receive, send)
  File "C:\Users\tcs\anaconda3\envs\myenv\Lib\site-packages\starlette\routing.py", line 660, in __call__
    await self.middleware_stack(scope, receive, send)
  File "C:\Users\tcs\anaconda3\envs\myenv\Lib\site-packages\starlette\routing.py", line 680, in app
    await route.handle(scope, receive, send)
  File "C:\Users\tcs\anaconda3\envs\myenv\Lib\site-packages\starlette\routing.py", line 276, in handle
    await self.app(scope, receive, send)
  File "C:\Users\tcs\anaconda3\envs\myenv\Lib\site-packages\fastapi\routing.py", line 134, in app
    await wrap_app_handling_exceptions(app, request)(scope, receive, send)
  File "C:\Users\tcs\anaconda3\envs\myenv\Lib\site-packages\starlette\_exception_handler.py", line 53, in wrapped_app
    raise exc
  File "C:\Users\tcs\anaconda3\envs\myenv\Lib\site-packages\starlette\_exception_handler.py", line 42, in wrapped_app
    await app(scope, receive, sender)
  File "C:\Users\tcs\anaconda3\envs\myenv\Lib\site-packages\fastapi\routing.py", line 120, in app
    response = await f(request)
               ^^^^^^^^^^^^^^^^
  File "C:\Users\tcs\anaconda3\envs\myenv\Lib\site-packages\fastapi\routing.py", line 674, in app
    raw_response = await run_endpoint_function(
                   ^^^^^^^^^^^^^^^^^^^^^^^^^^^^
  File "C:\Users\tcs\anaconda3\envs\myenv\Lib\site-packages\fastapi\routing.py", line 330, in run_endpoint_function
    return await run_in_threadpool(dependant.call, **values)
           ^^^^^^^^^^^^^^^^^^^^^^^^^^^^^^^^^^^^^^^^^^^^^^^^^
  File "C:\Users\tcs\anaconda3\envs\myenv\Lib\site-packages\starlette\concurrency.py", line 32, in run_in_threadpool
    return await anyio.to_thread.run_sync(func)
           ^^^^^^^^^^^^^^^^^^^^^^^^^^^^^^^^^^^^
  File "C:\Users\tcs\anaconda3\envs\myenv\Lib\site-packages\anyio\to_thread.py", line 63, in run_sync
    return await get_async_backend().run_sync_in_worker_thread(
           ^^^^^^^^^^^^^^^^^^^^^^^^^^^^^^^^^^^^^^^^^^^^^^^^^^^^
  File "C:\Users\tcs\anaconda3\envs\myenv\Lib\site-packages\anyio\_backends\_asyncio.py", line 2502, in run_sync_in_worker_thread
    return await future
           ^^^^^^^^^^^^
  File "C:\Users\tcs\anaconda3\envs\myenv\Lib\site-packages\anyio\_backends\_asyncio.py", line 986, in run
    result = context.run(func, *args)
             ^^^^^^^^^^^^^^^^^^^^^^^^
  File "C:\Users\tcs\Desktop\PSK\Project\AI-incident-intelligence-platform\api\routes\intelligence.py", line 49, in analyze_incident
    return service.analyze(
           ^^^^^^^^^^^^^^^^
  File "C:\Users\tcs\Desktop\PSK\Project\AI-incident-intelligence-platform\src\services\incident_intelligence_service.py", line 100, in analyze
    rag_response = self.rag_service.ask(
                   ^^^^^^^^^^^^^^^^^^^^^
  File "C:\Users\tcs\anaconda3\envs\myenv\Lib\unittest\mock.py", line 1139, in __call__
    return self._mock_call(*args, **kwargs)
           ^^^^^^^^^^^^^^^^^^^^^^^^^^^^^^^^
  File "C:\Users\tcs\anaconda3\envs\myenv\Lib\unittest\mock.py", line 1143, in _mock_call
    return self._execute_mock_call(*args, **kwargs)
           ^^^^^^^^^^^^^^^^^^^^^^^^^^^^^^^^^^^^^^^^
  File "C:\Users\tcs\anaconda3\envs\myenv\Lib\unittest\mock.py", line 1198, in _execute_mock_call
    raise effect
RuntimeError: RAG service unavailable
2026-08-11 20:33:18,494 | ERROR | cf66943e-b10d-4538-b69d-d47c26473fdf |request_id.py | dispatch | api.middleware.request_id | POST /intelligence/analyze | 23848 | 24012
Traceback (most recent call last):
  File "C:\Users\tcs\Desktop\PSK\Project\AI-incident-intelligence-platform\api\middleware\request_id.py", line 22, in dispatch
    response = await call_next(request)
               ^^^^^^^^^^^^^^^^^^^^^^^^
  File "C:\Users\tcs\anaconda3\envs\myenv\Lib\site-packages\starlette\middleware\base.py", line 168, in call_next
    raise app_exc from app_exc.__cause__ or app_exc.__context__
  File "C:\Users\tcs\anaconda3\envs\myenv\Lib\site-packages\starlette\middleware\base.py", line 144, in coro
    await self.app(scope, receive_or_disconnect, send_no_error)
  File "C:\Users\tcs\anaconda3\envs\myenv\Lib\site-packages\starlette\middleware\exceptions.py", line 63, in __call__
    await wrap_app_handling_exceptions(self.app, conn)(scope, receive, send)
  File "C:\Users\tcs\anaconda3\envs\myenv\Lib\site-packages\starlette\_exception_handler.py", line 53, in wrapped_app
    raise exc
  File "C:\Users\tcs\anaconda3\envs\myenv\Lib\site-packages\starlette\_exception_handler.py", line 42, in wrapped_app
    await app(scope, receive, sender)
  File "C:\Users\tcs\anaconda3\envs\myenv\Lib\site-packages\fastapi\middleware\asyncexitstack.py", line 18, in __call__
    await self.app(scope, receive, send)
  File "C:\Users\tcs\anaconda3\envs\myenv\Lib\site-packages\starlette\routing.py", line 660, in __call__
    await self.middleware_stack(scope, receive, send)
  File "C:\Users\tcs\anaconda3\envs\myenv\Lib\site-packages\starlette\routing.py", line 680, in app
    await route.handle(scope, receive, send)
  File "C:\Users\tcs\anaconda3\envs\myenv\Lib\site-packages\starlette\routing.py", line 276, in handle
    await self.app(scope, receive, send)
  File "C:\Users\tcs\anaconda3\envs\myenv\Lib\site-packages\fastapi\routing.py", line 134, in app
    await wrap_app_handling_exceptions(app, request)(scope, receive, send)
  File "C:\Users\tcs\anaconda3\envs\myenv\Lib\site-packages\starlette\_exception_handler.py", line 53, in wrapped_app
    raise exc
  File "C:\Users\tcs\anaconda3\envs\myenv\Lib\site-packages\starlette\_exception_handler.py", line 42, in wrapped_app
    await app(scope, receive, sender)
  File "C:\Users\tcs\anaconda3\envs\myenv\Lib\site-packages\fastapi\routing.py", line 120, in app
    response = await f(request)
               ^^^^^^^^^^^^^^^^
  File "C:\Users\tcs\anaconda3\envs\myenv\Lib\site-packages\fastapi\routing.py", line 674, in app
    raw_response = await run_endpoint_function(
                   ^^^^^^^^^^^^^^^^^^^^^^^^^^^^
  File "C:\Users\tcs\anaconda3\envs\myenv\Lib\site-packages\fastapi\routing.py", line 330, in run_endpoint_function
    return await run_in_threadpool(dependant.call, **values)
           ^^^^^^^^^^^^^^^^^^^^^^^^^^^^^^^^^^^^^^^^^^^^^^^^^
  File "C:\Users\tcs\anaconda3\envs\myenv\Lib\site-packages\starlette\concurrency.py", line 32, in run_in_threadpool
    return await anyio.to_thread.run_sync(func)
           ^^^^^^^^^^^^^^^^^^^^^^^^^^^^^^^^^^^^
  File "C:\Users\tcs\anaconda3\envs\myenv\Lib\site-packages\anyio\to_thread.py", line 63, in run_sync
    return await get_async_backend().run_sync_in_worker_thread(
           ^^^^^^^^^^^^^^^^^^^^^^^^^^^^^^^^^^^^^^^^^^^^^^^^^^^^
  File "C:\Users\tcs\anaconda3\envs\myenv\Lib\site-packages\anyio\_backends\_asyncio.py", line 2502, in run_sync_in_worker_thread
    return await future
           ^^^^^^^^^^^^
  File "C:\Users\tcs\anaconda3\envs\myenv\Lib\site-packages\anyio\_backends\_asyncio.py", line 986, in run
    result = context.run(func, *args)
             ^^^^^^^^^^^^^^^^^^^^^^^^
  File "C:\Users\tcs\Desktop\PSK\Project\AI-incident-intelligence-platform\api\routes\intelligence.py", line 49, in analyze_incident
    return service.analyze(
           ^^^^^^^^^^^^^^^^
  File "C:\Users\tcs\Desktop\PSK\Project\AI-incident-intelligence-platform\src\services\incident_intelligence_service.py", line 100, in analyze
    rag_response = self.rag_service.ask(
                   ^^^^^^^^^^^^^^^^^^^^^
  File "C:\Users\tcs\anaconda3\envs\myenv\Lib\unittest\mock.py", line 1139, in __call__
    return self._mock_call(*args, **kwargs)
           ^^^^^^^^^^^^^^^^^^^^^^^^^^^^^^^^
  File "C:\Users\tcs\anaconda3\envs\myenv\Lib\unittest\mock.py", line 1143, in _mock_call
    return self._execute_mock_call(*args, **kwargs)
           ^^^^^^^^^^^^^^^^^^^^^^^^^^^^^^^^^^^^^^^^
  File "C:\Users\tcs\anaconda3\envs\myenv\Lib\unittest\mock.py", line 1198, in _execute_mock_call
    raise effect
RuntimeError: RAG service unavailable
2026-08-11 20:33:18,505 | ERROR | - |exception_handlers.py | global_exception_handler | api.exception_handlers | Unhandled exception while processing POST /intelligence/analyze | 23848 | 24012
Traceback (most recent call last):
  File "C:\Users\tcs\anaconda3\envs\myenv\Lib\site-packages\starlette\middleware\errors.py", line 164, in __call__
    await self.app(scope, receive, _send)
  File "C:\Users\tcs\anaconda3\envs\myenv\Lib\site-packages\starlette\middleware\base.py", line 191, in __call__
    with recv_stream, send_stream, collapse_excgroups():
                                   ^^^^^^^^^^^^^^^^^^^^
  File "C:\Users\tcs\anaconda3\envs\myenv\Lib\contextlib.py", line 158, in __exit__
    self.gen.throw(value)
  File "C:\Users\tcs\anaconda3\envs\myenv\Lib\site-packages\starlette\_utils.py", line 87, in collapse_excgroups
    raise exc
  File "C:\Users\tcs\anaconda3\envs\myenv\Lib\site-packages\starlette\middleware\base.py", line 193, in __call__
    response = await self.dispatch_func(request, call_next)
               ^^^^^^^^^^^^^^^^^^^^^^^^^^^^^^^^^^^^^^^^^^^^
  File "C:\Users\tcs\Desktop\PSK\Project\AI-incident-intelligence-platform\api\middleware\request_id.py", line 22, in dispatch
    response = await call_next(request)
               ^^^^^^^^^^^^^^^^^^^^^^^^
  File "C:\Users\tcs\anaconda3\envs\myenv\Lib\site-packages\starlette\middleware\base.py", line 168, in call_next
    raise app_exc from app_exc.__cause__ or app_exc.__context__
  File "C:\Users\tcs\anaconda3\envs\myenv\Lib\site-packages\starlette\middleware\base.py", line 144, in coro
    await self.app(scope, receive_or_disconnect, send_no_error)
  File "C:\Users\tcs\anaconda3\envs\myenv\Lib\site-packages\starlette\middleware\exceptions.py", line 63, in __call__
    await wrap_app_handling_exceptions(self.app, conn)(scope, receive, send)
  File "C:\Users\tcs\anaconda3\envs\myenv\Lib\site-packages\starlette\_exception_handler.py", line 53, in wrapped_app
    raise exc
  File "C:\Users\tcs\anaconda3\envs\myenv\Lib\site-packages\starlette\_exception_handler.py", line 42, in wrapped_app
    await app(scope, receive, sender)
  File "C:\Users\tcs\anaconda3\envs\myenv\Lib\site-packages\fastapi\middleware\asyncexitstack.py", line 18, in __call__
    await self.app(scope, receive, send)
  File "C:\Users\tcs\anaconda3\envs\myenv\Lib\site-packages\starlette\routing.py", line 660, in __call__
    await self.middleware_stack(scope, receive, send)
  File "C:\Users\tcs\anaconda3\envs\myenv\Lib\site-packages\starlette\routing.py", line 680, in app
    await route.handle(scope, receive, send)
  File "C:\Users\tcs\anaconda3\envs\myenv\Lib\site-packages\starlette\routing.py", line 276, in handle
    await self.app(scope, receive, send)
  File "C:\Users\tcs\anaconda3\envs\myenv\Lib\site-packages\fastapi\routing.py", line 134, in app
    await wrap_app_handling_exceptions(app, request)(scope, receive, send)
  File "C:\Users\tcs\anaconda3\envs\myenv\Lib\site-packages\starlette\_exception_handler.py", line 53, in wrapped_app
    raise exc
  File "C:\Users\tcs\anaconda3\envs\myenv\Lib\site-packages\starlette\_exception_handler.py", line 42, in wrapped_app
    await app(scope, receive, sender)
  File "C:\Users\tcs\anaconda3\envs\myenv\Lib\site-packages\fastapi\routing.py", line 120, in app
    response = await f(request)
               ^^^^^^^^^^^^^^^^
  File "C:\Users\tcs\anaconda3\envs\myenv\Lib\site-packages\fastapi\routing.py", line 674, in app
    raw_response = await run_endpoint_function(
                   ^^^^^^^^^^^^^^^^^^^^^^^^^^^^
  File "C:\Users\tcs\anaconda3\envs\myenv\Lib\site-packages\fastapi\routing.py", line 330, in run_endpoint_function
    return await run_in_threadpool(dependant.call, **values)
           ^^^^^^^^^^^^^^^^^^^^^^^^^^^^^^^^^^^^^^^^^^^^^^^^^
  File "C:\Users\tcs\anaconda3\envs\myenv\Lib\site-packages\starlette\concurrency.py", line 32, in run_in_threadpool
    return await anyio.to_thread.run_sync(func)
           ^^^^^^^^^^^^^^^^^^^^^^^^^^^^^^^^^^^^
  File "C:\Users\tcs\anaconda3\envs\myenv\Lib\site-packages\anyio\to_thread.py", line 63, in run_sync
    return await get_async_backend().run_sync_in_worker_thread(
           ^^^^^^^^^^^^^^^^^^^^^^^^^^^^^^^^^^^^^^^^^^^^^^^^^^^^
  File "C:\Users\tcs\anaconda3\envs\myenv\Lib\site-packages\anyio\_backends\_asyncio.py", line 2502, in run_sync_in_worker_thread
    return await future
           ^^^^^^^^^^^^
  File "C:\Users\tcs\anaconda3\envs\myenv\Lib\site-packages\anyio\_backends\_asyncio.py", line 986, in run
    result = context.run(func, *args)
             ^^^^^^^^^^^^^^^^^^^^^^^^
  File "C:\Users\tcs\Desktop\PSK\Project\AI-incident-intelligence-platform\api\routes\intelligence.py", line 49, in analyze_incident
    return service.analyze(
           ^^^^^^^^^^^^^^^^
  File "C:\Users\tcs\Desktop\PSK\Project\AI-incident-intelligence-platform\src\services\incident_intelligence_service.py", line 100, in analyze
    rag_response = self.rag_service.ask(
                   ^^^^^^^^^^^^^^^^^^^^^
  File "C:\Users\tcs\anaconda3\envs\myenv\Lib\unittest\mock.py", line 1139, in __call__
    return self._mock_call(*args, **kwargs)
           ^^^^^^^^^^^^^^^^^^^^^^^^^^^^^^^^
  File "C:\Users\tcs\anaconda3\envs\myenv\Lib\unittest\mock.py", line 1143, in _mock_call
    return self._execute_mock_call(*args, **kwargs)
           ^^^^^^^^^^^^^^^^^^^^^^^^^^^^^^^^^^^^^^^^
  File "C:\Users\tcs\anaconda3\envs\myenv\Lib\unittest\mock.py", line 1198, in _execute_mock_call
    raise effect
RuntimeError: RAG service unavailable
2026-08-11 21:06:06,010 | ERROR | bd889958-c65a-4bf7-bfcf-f71669912cd1 |request_id.py | dispatch | api.middleware.request_id | POST /intelligence/analyze | 17572 | 23296
Traceback (most recent call last):
  File "C:\Users\tcs\Desktop\PSK\Project\AI-incident-intelligence-platform\api\middleware\request_id.py", line 22, in dispatch
    response = await call_next(request)
               ^^^^^^^^^^^^^^^^^^^^^^^^
  File "C:\Users\tcs\anaconda3\envs\myenv\Lib\site-packages\starlette\middleware\base.py", line 168, in call_next
    raise app_exc from app_exc.__cause__ or app_exc.__context__
  File "C:\Users\tcs\anaconda3\envs\myenv\Lib\site-packages\starlette\middleware\base.py", line 144, in coro
    await self.app(scope, receive_or_disconnect, send_no_error)
  File "C:\Users\tcs\anaconda3\envs\myenv\Lib\site-packages\starlette\middleware\exceptions.py", line 63, in __call__
    await wrap_app_handling_exceptions(self.app, conn)(scope, receive, send)
  File "C:\Users\tcs\anaconda3\envs\myenv\Lib\site-packages\starlette\_exception_handler.py", line 53, in wrapped_app
    raise exc
  File "C:\Users\tcs\anaconda3\envs\myenv\Lib\site-packages\starlette\_exception_handler.py", line 42, in wrapped_app
    await app(scope, receive, sender)
  File "C:\Users\tcs\anaconda3\envs\myenv\Lib\site-packages\fastapi\middleware\asyncexitstack.py", line 18, in __call__
    await self.app(scope, receive, send)
  File "C:\Users\tcs\anaconda3\envs\myenv\Lib\site-packages\starlette\routing.py", line 660, in __call__
    await self.middleware_stack(scope, receive, send)
  File "C:\Users\tcs\anaconda3\envs\myenv\Lib\site-packages\starlette\routing.py", line 680, in app
    await route.handle(scope, receive, send)
  File "C:\Users\tcs\anaconda3\envs\myenv\Lib\site-packages\starlette\routing.py", line 276, in handle
    await self.app(scope, receive, send)
  File "C:\Users\tcs\anaconda3\envs\myenv\Lib\site-packages\fastapi\routing.py", line 134, in app
    await wrap_app_handling_exceptions(app, request)(scope, receive, send)
  File "C:\Users\tcs\anaconda3\envs\myenv\Lib\site-packages\starlette\_exception_handler.py", line 53, in wrapped_app
    raise exc
  File "C:\Users\tcs\anaconda3\envs\myenv\Lib\site-packages\starlette\_exception_handler.py", line 42, in wrapped_app
    await app(scope, receive, sender)
  File "C:\Users\tcs\anaconda3\envs\myenv\Lib\site-packages\fastapi\routing.py", line 120, in app
    response = await f(request)
               ^^^^^^^^^^^^^^^^
  File "C:\Users\tcs\anaconda3\envs\myenv\Lib\site-packages\fastapi\routing.py", line 674, in app
    raw_response = await run_endpoint_function(
                   ^^^^^^^^^^^^^^^^^^^^^^^^^^^^
  File "C:\Users\tcs\anaconda3\envs\myenv\Lib\site-packages\fastapi\routing.py", line 330, in run_endpoint_function
    return await run_in_threadpool(dependant.call, **values)
           ^^^^^^^^^^^^^^^^^^^^^^^^^^^^^^^^^^^^^^^^^^^^^^^^^
  File "C:\Users\tcs\anaconda3\envs\myenv\Lib\site-packages\starlette\concurrency.py", line 32, in run_in_threadpool
    return await anyio.to_thread.run_sync(func)
           ^^^^^^^^^^^^^^^^^^^^^^^^^^^^^^^^^^^^
  File "C:\Users\tcs\anaconda3\envs\myenv\Lib\site-packages\anyio\to_thread.py", line 63, in run_sync
    return await get_async_backend().run_sync_in_worker_thread(
           ^^^^^^^^^^^^^^^^^^^^^^^^^^^^^^^^^^^^^^^^^^^^^^^^^^^^
  File "C:\Users\tcs\anaconda3\envs\myenv\Lib\site-packages\anyio\_backends\_asyncio.py", line 2502, in run_sync_in_worker_thread
    return await future
           ^^^^^^^^^^^^
  File "C:\Users\tcs\anaconda3\envs\myenv\Lib\site-packages\anyio\_backends\_asyncio.py", line 986, in run
    result = context.run(func, *args)
             ^^^^^^^^^^^^^^^^^^^^^^^^
  File "C:\Users\tcs\Desktop\PSK\Project\AI-incident-intelligence-platform\api\routes\intelligence.py", line 49, in analyze_incident
    return service.analyze(
           ^^^^^^^^^^^^^^^^
  File "C:\Users\tcs\Desktop\PSK\Project\AI-incident-intelligence-platform\src\services\incident_intelligence_service.py", line 100, in analyze
    rag_response = self.rag_service.ask(
                   ^^^^^^^^^^^^^^^^^^^^^
  File "C:\Users\tcs\anaconda3\envs\myenv\Lib\unittest\mock.py", line 1139, in __call__
    return self._mock_call(*args, **kwargs)
           ^^^^^^^^^^^^^^^^^^^^^^^^^^^^^^^^
  File "C:\Users\tcs\anaconda3\envs\myenv\Lib\unittest\mock.py", line 1143, in _mock_call
    return self._execute_mock_call(*args, **kwargs)
           ^^^^^^^^^^^^^^^^^^^^^^^^^^^^^^^^^^^^^^^^
  File "C:\Users\tcs\anaconda3\envs\myenv\Lib\unittest\mock.py", line 1198, in _execute_mock_call
    raise effect
RuntimeError: RAG service unavailable
2026-08-11 21:06:06,016 | ERROR | - |exception_handlers.py | global_exception_handler | api.exception_handlers | Unhandled exception while processing POST /intelligence/analyze | 17572 | 23296
Traceback (most recent call last):
  File "C:\Users\tcs\anaconda3\envs\myenv\Lib\site-packages\starlette\middleware\errors.py", line 164, in __call__
    await self.app(scope, receive, _send)
  File "C:\Users\tcs\anaconda3\envs\myenv\Lib\site-packages\starlette\middleware\base.py", line 191, in __call__
    with recv_stream, send_stream, collapse_excgroups():
                                   ^^^^^^^^^^^^^^^^^^^^
  File "C:\Users\tcs\anaconda3\envs\myenv\Lib\contextlib.py", line 158, in __exit__
    self.gen.throw(value)
  File "C:\Users\tcs\anaconda3\envs\myenv\Lib\site-packages\starlette\_utils.py", line 87, in collapse_excgroups
    raise exc
  File "C:\Users\tcs\anaconda3\envs\myenv\Lib\site-packages\starlette\middleware\base.py", line 193, in __call__
    response = await self.dispatch_func(request, call_next)
               ^^^^^^^^^^^^^^^^^^^^^^^^^^^^^^^^^^^^^^^^^^^^
  File "C:\Users\tcs\Desktop\PSK\Project\AI-incident-intelligence-platform\api\middleware\request_id.py", line 22, in dispatch
    response = await call_next(request)
               ^^^^^^^^^^^^^^^^^^^^^^^^
  File "C:\Users\tcs\anaconda3\envs\myenv\Lib\site-packages\starlette\middleware\base.py", line 168, in call_next
    raise app_exc from app_exc.__cause__ or app_exc.__context__
  File "C:\Users\tcs\anaconda3\envs\myenv\Lib\site-packages\starlette\middleware\base.py", line 144, in coro
    await self.app(scope, receive_or_disconnect, send_no_error)
  File "C:\Users\tcs\anaconda3\envs\myenv\Lib\site-packages\starlette\middleware\exceptions.py", line 63, in __call__
    await wrap_app_handling_exceptions(self.app, conn)(scope, receive, send)
  File "C:\Users\tcs\anaconda3\envs\myenv\Lib\site-packages\starlette\_exception_handler.py", line 53, in wrapped_app
    raise exc
  File "C:\Users\tcs\anaconda3\envs\myenv\Lib\site-packages\starlette\_exception_handler.py", line 42, in wrapped_app
    await app(scope, receive, sender)
  File "C:\Users\tcs\anaconda3\envs\myenv\Lib\site-packages\fastapi\middleware\asyncexitstack.py", line 18, in __call__
    await self.app(scope, receive, send)
  File "C:\Users\tcs\anaconda3\envs\myenv\Lib\site-packages\starlette\routing.py", line 660, in __call__
    await self.middleware_stack(scope, receive, send)
  File "C:\Users\tcs\anaconda3\envs\myenv\Lib\site-packages\starlette\routing.py", line 680, in app
    await route.handle(scope, receive, send)
  File "C:\Users\tcs\anaconda3\envs\myenv\Lib\site-packages\starlette\routing.py", line 276, in handle
    await self.app(scope, receive, send)
  File "C:\Users\tcs\anaconda3\envs\myenv\Lib\site-packages\fastapi\routing.py", line 134, in app
    await wrap_app_handling_exceptions(app, request)(scope, receive, send)
  File "C:\Users\tcs\anaconda3\envs\myenv\Lib\site-packages\starlette\_exception_handler.py", line 53, in wrapped_app
    raise exc
  File "C:\Users\tcs\anaconda3\envs\myenv\Lib\site-packages\starlette\_exception_handler.py", line 42, in wrapped_app
    await app(scope, receive, sender)
  File "C:\Users\tcs\anaconda3\envs\myenv\Lib\site-packages\fastapi\routing.py", line 120, in app
    response = await f(request)
               ^^^^^^^^^^^^^^^^
  File "C:\Users\tcs\anaconda3\envs\myenv\Lib\site-packages\fastapi\routing.py", line 674, in app
    raw_response = await run_endpoint_function(
                   ^^^^^^^^^^^^^^^^^^^^^^^^^^^^
  File "C:\Users\tcs\anaconda3\envs\myenv\Lib\site-packages\fastapi\routing.py", line 330, in run_endpoint_function
    return await run_in_threadpool(dependant.call, **values)
           ^^^^^^^^^^^^^^^^^^^^^^^^^^^^^^^^^^^^^^^^^^^^^^^^^
  File "C:\Users\tcs\anaconda3\envs\myenv\Lib\site-packages\starlette\concurrency.py", line 32, in run_in_threadpool
    return await anyio.to_thread.run_sync(func)
           ^^^^^^^^^^^^^^^^^^^^^^^^^^^^^^^^^^^^
  File "C:\Users\tcs\anaconda3\envs\myenv\Lib\site-packages\anyio\to_thread.py", line 63, in run_sync
    return await get_async_backend().run_sync_in_worker_thread(
           ^^^^^^^^^^^^^^^^^^^^^^^^^^^^^^^^^^^^^^^^^^^^^^^^^^^^
  File "C:\Users\tcs\anaconda3\envs\myenv\Lib\site-packages\anyio\_backends\_asyncio.py", line 2502, in run_sync_in_worker_thread
    return await future
           ^^^^^^^^^^^^
  File "C:\Users\tcs\anaconda3\envs\myenv\Lib\site-packages\anyio\_backends\_asyncio.py", line 986, in run
    result = context.run(func, *args)
             ^^^^^^^^^^^^^^^^^^^^^^^^
  File "C:\Users\tcs\Desktop\PSK\Project\AI-incident-intelligence-platform\api\routes\intelligence.py", line 49, in analyze_incident
    return service.analyze(
           ^^^^^^^^^^^^^^^^
  File "C:\Users\tcs\Desktop\PSK\Project\AI-incident-intelligence-platform\src\services\incident_intelligence_service.py", line 100, in analyze
    rag_response = self.rag_service.ask(
                   ^^^^^^^^^^^^^^^^^^^^^
  File "C:\Users\tcs\anaconda3\envs\myenv\Lib\unittest\mock.py", line 1139, in __call__
    return self._mock_call(*args, **kwargs)
           ^^^^^^^^^^^^^^^^^^^^^^^^^^^^^^^^
  File "C:\Users\tcs\anaconda3\envs\myenv\Lib\unittest\mock.py", line 1143, in _mock_call
    return self._execute_mock_call(*args, **kwargs)
           ^^^^^^^^^^^^^^^^^^^^^^^^^^^^^^^^^^^^^^^^
  File "C:\Users\tcs\anaconda3\envs\myenv\Lib\unittest\mock.py", line 1198, in _execute_mock_call
    raise effect
RuntimeError: RAG service unavailable
